#
# There is insufficient memory for the Java Runtime Environment to continue.
# Native memory allocation (malloc) failed to allocate 2790552 bytes. Error detail: Chunk::new
# Possible reasons:
#   The system is out of physical RAM or swap space
#   This process is running with CompressedOops enabled, and the Java Heap may be blocking the growth of the native heap
# Possible solutions:
#   Reduce memory load on the system
#   Increase physical memory or swap space
#   Check if swap backing store is full
#   Decrease Java heap size (-Xmx/-Xms)
#   Decrease number of Java threads
#   Decrease Java thread stack sizes (-Xss)
#   Set larger code cache with -XX:ReservedCodeCacheSize=
#   JVM is running with Unscaled Compressed Oops mode in which the Java heap is
#     placed in the first 4GB address space. The Java Heap base address is the
#     maximum limit for the native heap growth. Please use -XX:HeapBaseMinAddress
#     to set the Java Heap base and to place the Java Heap above 4GB virtual address.
# This output file may be truncated or incomplete.
#
#  Out of Memory Error (arena.cpp:186), pid=67712, tid=71508
#
# JRE version: Java(TM) SE Runtime Environment (25.0.1+8) (build 25.0.1+8-LTS-27)
# Java VM: Java HotSpot(TM) 64-Bit Server VM (25.0.1+8-LTS-27, mixed mode, sharing, tiered, compressed oops, compressed class ptrs, g1 gc, windows-amd64)
# No core dump will be written. Minidumps are not enabled by default on client versions of Windows
#

---------------  S U M M A R Y ------------

Command Line: -javaagent:C:\Program Files\JetBrains\IntelliJ IDEA 2025.3.1\lib\idea_rt.jar=52656 -Dfile.encoding=UTF-8 -Dsun.stdout.encoding=UTF-8 -Dsun.stderr.encoding=UTF-8 com.het.buspasssystem.BuspasssystemApplication

Host: 11th Gen Intel(R) Core(TM) i5-1135G7 @ 2.40GHz, 8 cores, 7G,  Windows 11 , 64 bit Build 22000 (10.0.22000.2538)
Time: Wed May 27 19:08:22 2026 India Standard Time elapsed time: 2.447141 seconds (0d 0h 0m 2s)

---------------  T H R E A D  ---------------

Current thread (0x000002277192d5f0):  JavaThread "C2 CompilerThread0" daemon [_thread_in_native, id=71508, stack(0x000000834e700000,0x000000834e800000) (1024K)]


Current CompileTask:
C2:2447 2775       4       java.util.Properties$LineReader::readLine (584 bytes)

Stack: [0x000000834e700000,0x000000834e800000]
Native frames: (J=compiled Java code, j=interpreted, Vv=VM code, C=native code)
V  [jvm.dll+0x7a6b59]  (no source info available)
V  [jvm.dll+0x77290d]  (no source info available)
V  [jvm.dll+0x966153]  (no source info available)
V  [jvm.dll+0x968751]  (no source info available)
V  [jvm.dll+0x968e53]  (no source info available)
V  [jvm.dll+0x2fc756]  (no source info available)
V  [jvm.dll+0x111b26]  (no source info available)
V  [jvm.dll+0x111e4e]  (no source info available)
V  [jvm.dll+0x1a0a22]  (no source info available)
V  [jvm.dll+0x3b53c2]  (no source info available)
V  [jvm.dll+0x7ac4ef]  (no source info available)
V  [jvm.dll+0x2c0ac7]  (no source info available)
V  [jvm.dll+0x2bfa8f]  (no source info available)
V  [jvm.dll+0x237b60]  (no source info available)
V  [jvm.dll+0x2cfb56]  (no source info available)
V  [jvm.dll+0x2cddd5]  (no source info available)
V  [jvm.dll+0x48e6d1]  (no source info available)
V  [jvm.dll+0x906a0d]  (no source info available)
V  [jvm.dll+0x7a5135]  (no source info available)
C  [ucrtbase.dll+0x26c0c]  (no source info available)
C  [KERNEL32.DLL+0x153e0]  (no source info available)
C  [ntdll.dll+0x485b]  (no source info available)

Lock stack of current Java thread (top to bottom):


---------------  P R O C E S S  ---------------

Threads class SMR info:
_java_thread_list=0x00000227772e6d30, length=14, elements={
0x000002275272bbe0, 0x000002277191d4a0, 0x000002277191ddb0, 0x00000227719230e0,
0x00000227717d27e0, 0x0000022771927250, 0x000002277192b8a0, 0x000002277192d5f0,
0x00000227719316c0, 0x0000022771929190, 0x0000022771924b40, 0x0000022771924370,
0x000002277192a900, 0x0000022776968dc0
}

Java Threads: ( => current thread )
  0x000002275272bbe0 JavaThread "main"                              [_thread_blocked, id=70588, stack(0x000000834d900000,0x000000834da00000) (1024K)]
  0x000002277191d4a0 JavaThread "Reference Handler"          daemon [_thread_blocked, id=70740, stack(0x000000834e100000,0x000000834e200000) (1024K)]
  0x000002277191ddb0 JavaThread "Finalizer"                  daemon [_thread_blocked, id=60952, stack(0x000000834e200000,0x000000834e300000) (1024K)]
  0x00000227719230e0 JavaThread "Signal Dispatcher"          daemon [_thread_blocked, id=70620, stack(0x000000834e300000,0x000000834e400000) (1024K)]
  0x00000227717d27e0 JavaThread "Attach Listener"            daemon [_thread_blocked, id=14568, stack(0x000000834e400000,0x000000834e500000) (1024K)]
  0x0000022771927250 JavaThread "Service Thread"             daemon [_thread_blocked, id=68944, stack(0x000000834e500000,0x000000834e600000) (1024K)]
  0x000002277192b8a0 JavaThread "Monitor Deflation Thread"   daemon [_thread_blocked, id=57652, stack(0x000000834e600000,0x000000834e700000) (1024K)]
=>0x000002277192d5f0 JavaThread "C2 CompilerThread0"         daemon [_thread_in_native, id=71508, stack(0x000000834e700000,0x000000834e800000) (1024K)]
  0x00000227719316c0 JavaThread "C1 CompilerThread0"         daemon [_thread_in_native, id=62660, stack(0x000000834e800000,0x000000834e900000) (1024K)]
  0x0000022771929190 JavaThread "Common-Cleaner"             daemon [_thread_blocked, id=70144, stack(0x000000834e900000,0x000000834ea00000) (1024K)]
  0x0000022771924b40 JavaThread "Monitor Ctrl-Break"         daemon [_thread_in_native, id=69404, stack(0x000000834ea00000,0x000000834eb00000) (1024K)]
  0x0000022771924370 JavaThread "Notification Thread"        daemon [_thread_blocked, id=14848, stack(0x000000834eb00000,0x000000834ec00000) (1024K)]
  0x000002277192a900 JavaThread "Thread-0"                          [_thread_blocked, id=54932, stack(0x000000834ec00000,0x000000834ed00000) (1024K)]
  0x0000022776968dc0 JavaThread "restartedMain"                     [_thread_in_Java, id=70672, stack(0x000000834ed00000,0x000000834ee00000) (1024K)]
Total: 14

Other Threads:
  0x000002277190d0e0 VMThread "VM Thread"                           [id=52016, stack(0x000000834e000000,0x000000834e100000) (1024K)]
  0x00000227718ff150 WatcherThread "VM Periodic Task Thread"        [id=68328, stack(0x000000834df00000,0x000000834e000000) (1024K)]
  0x0000022754b24490 WorkerThread "GC Thread#0"                     [id=6428, stack(0x000000834da00000,0x000000834db00000) (1024K)]
  0x0000022776bdbfb0 WorkerThread "GC Thread#1"                     [id=61680, stack(0x000000834ef00000,0x000000834f000000) (1024K)]
  0x0000022776bdd990 WorkerThread "GC Thread#2"                     [id=70936, stack(0x000000834f000000,0x000000834f100000) (1024K)]
  0x0000022776bdaa20 WorkerThread "GC Thread#3"                     [id=69668, stack(0x000000834f100000,0x000000834f200000) (1024K)]
  0x0000022776bde230 WorkerThread "GC Thread#4"                     [id=58668, stack(0x000000834f200000,0x000000834f300000) (1024K)]
  0x0000022776bdd540 WorkerThread "GC Thread#5"                     [id=65988, stack(0x000000834f300000,0x000000834f400000) (1024K)]
  0x0000022776bdae70 WorkerThread "GC Thread#6"                     [id=61068, stack(0x000000834f400000,0x000000834f500000) (1024K)]
  0x0000022776bdbb60 WorkerThread "GC Thread#7"                     [id=51928, stack(0x000000834f500000,0x000000834f600000) (1024K)]
  0x0000022754b3cd80 ConcurrentGCThread "G1 Main Marker"            [id=43076, stack(0x000000834db00000,0x000000834dc00000) (1024K)]
  0x0000022754b3e0c0 WorkerThread "G1 Conc#0"                       [id=42632, stack(0x000000834dc00000,0x000000834dd00000) (1024K)]
  0x0000022754b8a960 ConcurrentGCThread "G1 Refine#0"               [id=69272, stack(0x000000834dd00000,0x000000834de00000) (1024K)]
  0x0000022754b8b570 ConcurrentGCThread "G1 Service"                [id=70428, stack(0x000000834de00000,0x000000834df00000) (1024K)]
Total: 14

Threads with active compile tasks:
C2 CompilerThread0  2532 2775       4       java.util.Properties$LineReader::readLine (584 bytes)
C1 CompilerThread0  2532 3025       3       jdk.internal.classfile.impl.ClassReaderImpl::readEntryOrNull (24 bytes)
Total: 2

VM state: not at safepoint (normal execution)

VM Mutex/Monitor currently owned by a thread:  ([mutex/lock_event])
[0x00007fffca047e68] MethodCompileQueue_lock - owner thread: 0x00000227719316c0

Heap address: 0x0000000083200000, size: 1998 MB, Compressed Oops mode: 32-bit

CDS archive(s) mapped at: [0x000000003d000000-0x000000003ddd0000-0x000000003ddd0000), size 14483456, SharedBaseAddress: 0x000000003d000000, ArchiveRelocationMode: 1.
Compressed class space mapped at: 0x000000003e000000-0x000000007e000000, reserved size: 1073741824
UseCompressedClassPointers 1, UseCompactObjectHeaders 0
Narrow klass pointer bits 32, Max shift 3
Narrow klass base: 0x000000003d000000, Narrow klass shift: 0
Encoding Range: [0x000000003d000000 - 0x000000013d000000), (4294967296 bytes)
Klass Range:    [0x000000003d010000 - 0x000000007e000000), (1090453504 bytes)
Klass ID Range:  [65536 - 1090519033) (1090453497)
Protection zone: [0x000000003d000000 - 0x000000003d010000), (65536 bytes)

GC Precious Log:
 CardTable entry size: 512
 Card Set container configuration: InlinePtr #cards 5 size 8 Array Of Cards #cards 10 size 36 Howl #buckets 4 coarsen threshold 1843 Howl Bitmap #cards 512 size 80 coarsen threshold 460 Card regions per heap region 1 cards per card region 2048
 CPUs: 8 total, 8 available
 Memory: 7991M
 Large Page Support: Disabled
 NUMA Support: Disabled
 Compressed Oops: Enabled (32-bit)
 Heap Region Size: 1M
 Heap Min Capacity: 8M
 Heap Initial Capacity: 126M
 Heap Max Capacity: 1998M
 Pre-touch: Disabled
 Parallel Workers: 8
 Concurrent Workers: 2
 Concurrent Refinement Workers: 8
 Periodic GC: Disabled

Heap:
 garbage-first heap   total reserved 2045952K, committed 131072K, used 42736K [0x0000000083200000, 0x0000000100000000)
  region size 1024K, 40 young (40960K), 6 survivors (6144K)

Heap Regions: E=young(eden), S=young(survivor), O=old, HS=humongous(starts), HC=humongous(continues), CS=collection set, F=free, TAMS=top-at-mark-start, PB=parsable bottom
|   0|0x0000000083200000, 0x0000000083300000, 0x0000000083300000|100%|HS|  |TAMS 0x0000000083200000| PB 0x0000000083200000| Complete |  0
|   1|0x0000000083300000, 0x0000000083400000, 0x0000000083400000|100%|HS|  |TAMS 0x0000000083300000| PB 0x0000000083300000| Complete |  0
|   2|0x0000000083400000, 0x0000000083496ad8, 0x0000000083500000| 58%| O|  |TAMS 0x0000000083400000| PB 0x0000000083400000| Untracked |  0
|   3|0x0000000083500000, 0x0000000083500000, 0x0000000083600000|  0%| F|  |TAMS 0x0000000083500000| PB 0x0000000083500000| Untracked |  0
|   4|0x0000000083600000, 0x0000000083600000, 0x0000000083700000|  0%| F|  |TAMS 0x0000000083600000| PB 0x0000000083600000| Untracked |  0
|   5|0x0000000083700000, 0x0000000083700000, 0x0000000083800000|  0%| F|  |TAMS 0x0000000083700000| PB 0x0000000083700000| Untracked |  0
|   6|0x0000000083800000, 0x0000000083800000, 0x0000000083900000|  0%| F|  |TAMS 0x0000000083800000| PB 0x0000000083800000| Untracked |  0
|   7|0x0000000083900000, 0x0000000083900000, 0x0000000083a00000|  0%| F|  |TAMS 0x0000000083900000| PB 0x0000000083900000| Untracked |  0
|   8|0x0000000083a00000, 0x0000000083a00000, 0x0000000083b00000|  0%| F|  |TAMS 0x0000000083a00000| PB 0x0000000083a00000| Untracked |  0
|   9|0x0000000083b00000, 0x0000000083b00000, 0x0000000083c00000|  0%| F|  |TAMS 0x0000000083b00000| PB 0x0000000083b00000| Untracked |  0
|  10|0x0000000083c00000, 0x0000000083c00000, 0x0000000083d00000|  0%| F|  |TAMS 0x0000000083c00000| PB 0x0000000083c00000| Untracked |  0
|  11|0x0000000083d00000, 0x0000000083d00000, 0x0000000083e00000|  0%| F|  |TAMS 0x0000000083d00000| PB 0x0000000083d00000| Untracked |  0
|  12|0x0000000083e00000, 0x0000000083e00000, 0x0000000083f00000|  0%| F|  |TAMS 0x0000000083e00000| PB 0x0000000083e00000| Untracked |  0
|  13|0x0000000083f00000, 0x0000000083f00000, 0x0000000084000000|  0%| F|  |TAMS 0x0000000083f00000| PB 0x0000000083f00000| Untracked |  0
|  14|0x0000000084000000, 0x0000000084000000, 0x0000000084100000|  0%| F|  |TAMS 0x0000000084000000| PB 0x0000000084000000| Untracked |  0
|  15|0x0000000084100000, 0x0000000084100000, 0x0000000084200000|  0%| F|  |TAMS 0x0000000084100000| PB 0x0000000084100000| Untracked |  0
|  16|0x0000000084200000, 0x0000000084200000, 0x0000000084300000|  0%| F|  |TAMS 0x0000000084200000| PB 0x0000000084200000| Untracked |  0
|  17|0x0000000084300000, 0x0000000084300000, 0x0000000084400000|  0%| F|  |TAMS 0x0000000084300000| PB 0x0000000084300000| Untracked |  0
|  18|0x0000000084400000, 0x0000000084400000, 0x0000000084500000|  0%| F|  |TAMS 0x0000000084400000| PB 0x0000000084400000| Untracked |  0
|  19|0x0000000084500000, 0x0000000084500000, 0x0000000084600000|  0%| F|  |TAMS 0x0000000084500000| PB 0x0000000084500000| Untracked |  0
|  20|0x0000000084600000, 0x0000000084600000, 0x0000000084700000|  0%| F|  |TAMS 0x0000000084600000| PB 0x0000000084600000| Untracked |  0
|  21|0x0000000084700000, 0x0000000084700000, 0x0000000084800000|  0%| F|  |TAMS 0x0000000084700000| PB 0x0000000084700000| Untracked |  0
|  22|0x0000000084800000, 0x0000000084800000, 0x0000000084900000|  0%| F|  |TAMS 0x0000000084800000| PB 0x0000000084800000| Untracked |  0
|  23|0x0000000084900000, 0x0000000084900000, 0x0000000084a00000|  0%| F|  |TAMS 0x0000000084900000| PB 0x0000000084900000| Untracked |  0
|  24|0x0000000084a00000, 0x0000000084a00000, 0x0000000084b00000|  0%| F|  |TAMS 0x0000000084a00000| PB 0x0000000084a00000| Untracked |  0
|  25|0x0000000084b00000, 0x0000000084b00000, 0x0000000084c00000|  0%| F|  |TAMS 0x0000000084b00000| PB 0x0000000084b00000| Untracked |  0
|  26|0x0000000084c00000, 0x0000000084c00000, 0x0000000084d00000|  0%| F|  |TAMS 0x0000000084c00000| PB 0x0000000084c00000| Untracked |  0
|  27|0x0000000084d00000, 0x0000000084d00000, 0x0000000084e00000|  0%| F|  |TAMS 0x0000000084d00000| PB 0x0000000084d00000| Untracked |  0
|  28|0x0000000084e00000, 0x0000000084e00000, 0x0000000084f00000|  0%| F|  |TAMS 0x0000000084e00000| PB 0x0000000084e00000| Untracked |  0
|  29|0x0000000084f00000, 0x0000000084f00000, 0x0000000085000000|  0%| F|  |TAMS 0x0000000084f00000| PB 0x0000000084f00000| Untracked |  0
|  30|0x0000000085000000, 0x0000000085000000, 0x0000000085100000|  0%| F|  |TAMS 0x0000000085000000| PB 0x0000000085000000| Untracked |  0
|  31|0x0000000085100000, 0x0000000085100000, 0x0000000085200000|  0%| F|  |TAMS 0x0000000085100000| PB 0x0000000085100000| Untracked |  0
|  32|0x0000000085200000, 0x0000000085200000, 0x0000000085300000|  0%| F|  |TAMS 0x0000000085200000| PB 0x0000000085200000| Untracked |  0
|  33|0x0000000085300000, 0x0000000085300000, 0x0000000085400000|  0%| F|  |TAMS 0x0000000085300000| PB 0x0000000085300000| Untracked |  0
|  34|0x0000000085400000, 0x0000000085400000, 0x0000000085500000|  0%| F|  |TAMS 0x0000000085400000| PB 0x0000000085400000| Untracked |  0
|  35|0x0000000085500000, 0x0000000085500000, 0x0000000085600000|  0%| F|  |TAMS 0x0000000085500000| PB 0x0000000085500000| Untracked |  0
|  36|0x0000000085600000, 0x0000000085600000, 0x0000000085700000|  0%| F|  |TAMS 0x0000000085600000| PB 0x0000000085600000| Untracked |  0
|  37|0x0000000085700000, 0x0000000085700000, 0x0000000085800000|  0%| F|  |TAMS 0x0000000085700000| PB 0x0000000085700000| Untracked |  0
|  38|0x0000000085800000, 0x0000000085800000, 0x0000000085900000|  0%| F|  |TAMS 0x0000000085800000| PB 0x0000000085800000| Untracked |  0
|  39|0x0000000085900000, 0x0000000085900000, 0x0000000085a00000|  0%| F|  |TAMS 0x0000000085900000| PB 0x0000000085900000| Untracked |  0
|  40|0x0000000085a00000, 0x0000000085a00000, 0x0000000085b00000|  0%| F|  |TAMS 0x0000000085a00000| PB 0x0000000085a00000| Untracked |  0
|  41|0x0000000085b00000, 0x0000000085b00000, 0x0000000085c00000|  0%| F|  |TAMS 0x0000000085b00000| PB 0x0000000085b00000| Untracked |  0
|  42|0x0000000085c00000, 0x0000000085c00000, 0x0000000085d00000|  0%| F|  |TAMS 0x0000000085c00000| PB 0x0000000085c00000| Untracked |  0
|  43|0x0000000085d00000, 0x0000000085d00000, 0x0000000085e00000|  0%| F|  |TAMS 0x0000000085d00000| PB 0x0000000085d00000| Untracked |  0
|  44|0x0000000085e00000, 0x0000000085e00000, 0x0000000085f00000|  0%| F|  |TAMS 0x0000000085e00000| PB 0x0000000085e00000| Untracked |  0
|  45|0x0000000085f00000, 0x0000000085f00000, 0x0000000086000000|  0%| F|  |TAMS 0x0000000085f00000| PB 0x0000000085f00000| Untracked |  0
|  46|0x0000000086000000, 0x0000000086000000, 0x0000000086100000|  0%| F|  |TAMS 0x0000000086000000| PB 0x0000000086000000| Untracked |  0
|  47|0x0000000086100000, 0x0000000086100000, 0x0000000086200000|  0%| F|  |TAMS 0x0000000086100000| PB 0x0000000086100000| Untracked |  0
|  48|0x0000000086200000, 0x0000000086200000, 0x0000000086300000|  0%| F|  |TAMS 0x0000000086200000| PB 0x0000000086200000| Untracked |  0
|  49|0x0000000086300000, 0x0000000086300000, 0x0000000086400000|  0%| F|  |TAMS 0x0000000086300000| PB 0x0000000086300000| Untracked |  0
|  50|0x0000000086400000, 0x0000000086400000, 0x0000000086500000|  0%| F|  |TAMS 0x0000000086400000| PB 0x0000000086400000| Untracked |  0
|  51|0x0000000086500000, 0x0000000086500000, 0x0000000086600000|  0%| F|  |TAMS 0x0000000086500000| PB 0x0000000086500000| Untracked |  0
|  52|0x0000000086600000, 0x0000000086600000, 0x0000000086700000|  0%| F|  |TAMS 0x0000000086600000| PB 0x0000000086600000| Untracked |  0
|  53|0x0000000086700000, 0x0000000086700000, 0x0000000086800000|  0%| F|  |TAMS 0x0000000086700000| PB 0x0000000086700000| Untracked |  0
|  54|0x0000000086800000, 0x0000000086800000, 0x0000000086900000|  0%| F|  |TAMS 0x0000000086800000| PB 0x0000000086800000| Untracked |  0
|  55|0x0000000086900000, 0x0000000086900000, 0x0000000086a00000|  0%| F|  |TAMS 0x0000000086900000| PB 0x0000000086900000| Untracked |  0
|  56|0x0000000086a00000, 0x0000000086a00000, 0x0000000086b00000|  0%| F|  |TAMS 0x0000000086a00000| PB 0x0000000086a00000| Untracked |  0
|  57|0x0000000086b00000, 0x0000000086b00000, 0x0000000086c00000|  0%| F|  |TAMS 0x0000000086b00000| PB 0x0000000086b00000| Untracked |  0
|  58|0x0000000086c00000, 0x0000000086c00000, 0x0000000086d00000|  0%| F|  |TAMS 0x0000000086c00000| PB 0x0000000086c00000| Untracked |  0
|  59|0x0000000086d00000, 0x0000000086d00000, 0x0000000086e00000|  0%| F|  |TAMS 0x0000000086d00000| PB 0x0000000086d00000| Untracked |  0
|  60|0x0000000086e00000, 0x0000000086e00000, 0x0000000086f00000|  0%| F|  |TAMS 0x0000000086e00000| PB 0x0000000086e00000| Untracked |  0
|  61|0x0000000086f00000, 0x0000000086f00000, 0x0000000087000000|  0%| F|  |TAMS 0x0000000086f00000| PB 0x0000000086f00000| Untracked |  0
|  62|0x0000000087000000, 0x0000000087000000, 0x0000000087100000|  0%| F|  |TAMS 0x0000000087000000| PB 0x0000000087000000| Untracked |  0
|  63|0x0000000087100000, 0x0000000087100000, 0x0000000087200000|  0%| F|  |TAMS 0x0000000087100000| PB 0x0000000087100000| Untracked |  0
|  64|0x0000000087200000, 0x0000000087200000, 0x0000000087300000|  0%| F|  |TAMS 0x0000000087200000| PB 0x0000000087200000| Untracked |  0
|  65|0x0000000087300000, 0x0000000087300000, 0x0000000087400000|  0%| F|  |TAMS 0x0000000087300000| PB 0x0000000087300000| Untracked |  0
|  66|0x0000000087400000, 0x0000000087400000, 0x0000000087500000|  0%| F|  |TAMS 0x0000000087400000| PB 0x0000000087400000| Untracked |  0
|  67|0x0000000087500000, 0x0000000087500000, 0x0000000087600000|  0%| F|  |TAMS 0x0000000087500000| PB 0x0000000087500000| Untracked |  0
|  68|0x0000000087600000, 0x0000000087600000, 0x0000000087700000|  0%| F|  |TAMS 0x0000000087600000| PB 0x0000000087600000| Untracked |  0
|  69|0x0000000087700000, 0x0000000087700000, 0x0000000087800000|  0%| F|  |TAMS 0x0000000087700000| PB 0x0000000087700000| Untracked |  0
|  70|0x0000000087800000, 0x0000000087800000, 0x0000000087900000|  0%| F|  |TAMS 0x0000000087800000| PB 0x0000000087800000| Untracked |  0
|  71|0x0000000087900000, 0x0000000087900000, 0x0000000087a00000|  0%| F|  |TAMS 0x0000000087900000| PB 0x0000000087900000| Untracked |  0
|  72|0x0000000087a00000, 0x0000000087a00000, 0x0000000087b00000|  0%| F|  |TAMS 0x0000000087a00000| PB 0x0000000087a00000| Untracked |  0
|  73|0x0000000087b00000, 0x0000000087c00000, 0x0000000087c00000|100%| S|CS|TAMS 0x0000000087b00000| PB 0x0000000087b00000| Complete |  0
|  74|0x0000000087c00000, 0x0000000087d00000, 0x0000000087d00000|100%| S|CS|TAMS 0x0000000087c00000| PB 0x0000000087c00000| Complete |  0
|  75|0x0000000087d00000, 0x0000000087e00000, 0x0000000087e00000|100%| S|CS|TAMS 0x0000000087d00000| PB 0x0000000087d00000| Complete |  0
|  76|0x0000000087e00000, 0x0000000087f00000, 0x0000000087f00000|100%| S|CS|TAMS 0x0000000087e00000| PB 0x0000000087e00000| Complete |  0
|  77|0x0000000087f00000, 0x0000000088000000, 0x0000000088000000|100%| S|CS|TAMS 0x0000000087f00000| PB 0x0000000087f00000| Complete |  0
|  78|0x0000000088000000, 0x0000000088100000, 0x0000000088100000|100%| S|CS|TAMS 0x0000000088000000| PB 0x0000000088000000| Complete |  0
|  79|0x0000000088100000, 0x0000000088100000, 0x0000000088200000|  0%| F|  |TAMS 0x0000000088100000| PB 0x0000000088100000| Untracked |  0
|  80|0x0000000088200000, 0x0000000088200000, 0x0000000088300000|  0%| F|  |TAMS 0x0000000088200000| PB 0x0000000088200000| Untracked |  0
|  81|0x0000000088300000, 0x0000000088300000, 0x0000000088400000|  0%| F|  |TAMS 0x0000000088300000| PB 0x0000000088300000| Untracked |  0
|  82|0x0000000088400000, 0x0000000088400000, 0x0000000088500000|  0%| F|  |TAMS 0x0000000088400000| PB 0x0000000088400000| Untracked |  0
|  83|0x0000000088500000, 0x0000000088500000, 0x0000000088600000|  0%| F|  |TAMS 0x0000000088500000| PB 0x0000000088500000| Untracked |  0
|  84|0x0000000088600000, 0x0000000088600000, 0x0000000088700000|  0%| F|  |TAMS 0x0000000088600000| PB 0x0000000088600000| Untracked |  0
|  85|0x0000000088700000, 0x0000000088700000, 0x0000000088800000|  0%| F|  |TAMS 0x0000000088700000| PB 0x0000000088700000| Untracked |  0
|  86|0x0000000088800000, 0x0000000088800000, 0x0000000088900000|  0%| F|  |TAMS 0x0000000088800000| PB 0x0000000088800000| Untracked |  0
|  87|0x0000000088900000, 0x0000000088900000, 0x0000000088a00000|  0%| F|  |TAMS 0x0000000088900000| PB 0x0000000088900000| Untracked |  0
|  88|0x0000000088a00000, 0x0000000088a00000, 0x0000000088b00000|  0%| F|  |TAMS 0x0000000088a00000| PB 0x0000000088a00000| Untracked |  0
|  89|0x0000000088b00000, 0x0000000088b00000, 0x0000000088c00000|  0%| F|  |TAMS 0x0000000088b00000| PB 0x0000000088b00000| Untracked |  0
|  90|0x0000000088c00000, 0x0000000088c00000, 0x0000000088d00000|  0%| F|  |TAMS 0x0000000088c00000| PB 0x0000000088c00000| Untracked |  0
|  91|0x0000000088d00000, 0x0000000088d00000, 0x0000000088e00000|  0%| F|  |TAMS 0x0000000088d00000| PB 0x0000000088d00000| Untracked |  0
|  92|0x0000000088e00000, 0x0000000088f00000, 0x0000000088f00000|100%| E|  |TAMS 0x0000000088e00000| PB 0x0000000088e00000| Complete |  0
|  93|0x0000000088f00000, 0x0000000089000000, 0x0000000089000000|100%| E|CS|TAMS 0x0000000088f00000| PB 0x0000000088f00000| Complete |  0
|  94|0x0000000089000000, 0x0000000089100000, 0x0000000089100000|100%| E|CS|TAMS 0x0000000089000000| PB 0x0000000089000000| Complete |  0
|  95|0x0000000089100000, 0x0000000089200000, 0x0000000089200000|100%| E|CS|TAMS 0x0000000089100000| PB 0x0000000089100000| Complete |  0
|  96|0x0000000089200000, 0x0000000089300000, 0x0000000089300000|100%| E|CS|TAMS 0x0000000089200000| PB 0x0000000089200000| Complete |  0
|  97|0x0000000089300000, 0x0000000089400000, 0x0000000089400000|100%| E|CS|TAMS 0x0000000089300000| PB 0x0000000089300000| Complete |  0
|  98|0x0000000089400000, 0x0000000089500000, 0x0000000089500000|100%| E|CS|TAMS 0x0000000089400000| PB 0x0000000089400000| Complete |  0
|  99|0x0000000089500000, 0x0000000089600000, 0x0000000089600000|100%| E|CS|TAMS 0x0000000089500000| PB 0x0000000089500000| Complete |  0
| 100|0x0000000089600000, 0x0000000089700000, 0x0000000089700000|100%| E|  |TAMS 0x0000000089600000| PB 0x0000000089600000| Complete |  0
| 101|0x0000000089700000, 0x0000000089800000, 0x0000000089800000|100%| E|CS|TAMS 0x0000000089700000| PB 0x0000000089700000| Complete |  0
| 102|0x0000000089800000, 0x0000000089900000, 0x0000000089900000|100%| E|CS|TAMS 0x0000000089800000| PB 0x0000000089800000| Complete |  0
| 103|0x0000000089900000, 0x0000000089a00000, 0x0000000089a00000|100%| E|CS|TAMS 0x0000000089900000| PB 0x0000000089900000| Complete |  0
| 104|0x0000000089a00000, 0x0000000089b00000, 0x0000000089b00000|100%| E|CS|TAMS 0x0000000089a00000| PB 0x0000000089a00000| Complete |  0
| 105|0x0000000089b00000, 0x0000000089c00000, 0x0000000089c00000|100%| E|CS|TAMS 0x0000000089b00000| PB 0x0000000089b00000| Complete |  0
| 106|0x0000000089c00000, 0x0000000089d00000, 0x0000000089d00000|100%| E|CS|TAMS 0x0000000089c00000| PB 0x0000000089c00000| Complete |  0
| 107|0x0000000089d00000, 0x0000000089e00000, 0x0000000089e00000|100%| E|CS|TAMS 0x0000000089d00000| PB 0x0000000089d00000| Complete |  0
| 108|0x0000000089e00000, 0x0000000089f00000, 0x0000000089f00000|100%| E|CS|TAMS 0x0000000089e00000| PB 0x0000000089e00000| Complete |  0
| 109|0x0000000089f00000, 0x000000008a000000, 0x000000008a000000|100%| E|CS|TAMS 0x0000000089f00000| PB 0x0000000089f00000| Complete |  0
| 110|0x000000008a000000, 0x000000008a100000, 0x000000008a100000|100%| E|CS|TAMS 0x000000008a000000| PB 0x000000008a000000| Complete |  0
| 111|0x000000008a100000, 0x000000008a200000, 0x000000008a200000|100%| E|CS|TAMS 0x000000008a100000| PB 0x000000008a100000| Complete |  0
| 112|0x000000008a200000, 0x000000008a300000, 0x000000008a300000|100%| E|CS|TAMS 0x000000008a200000| PB 0x000000008a200000| Complete |  0
| 113|0x000000008a300000, 0x000000008a400000, 0x000000008a400000|100%| E|CS|TAMS 0x000000008a300000| PB 0x000000008a300000| Complete |  0
| 114|0x000000008a400000, 0x000000008a500000, 0x000000008a500000|100%| E|CS|TAMS 0x000000008a400000| PB 0x000000008a400000| Complete |  0
| 115|0x000000008a500000, 0x000000008a600000, 0x000000008a600000|100%| E|CS|TAMS 0x000000008a500000| PB 0x000000008a500000| Complete |  0
| 116|0x000000008a600000, 0x000000008a700000, 0x000000008a700000|100%| E|CS|TAMS 0x000000008a600000| PB 0x000000008a600000| Complete |  0
| 117|0x000000008a700000, 0x000000008a800000, 0x000000008a800000|100%| E|CS|TAMS 0x000000008a700000| PB 0x000000008a700000| Complete |  0
| 118|0x000000008a800000, 0x000000008a900000, 0x000000008a900000|100%| E|CS|TAMS 0x000000008a800000| PB 0x000000008a800000| Complete |  0
| 119|0x000000008a900000, 0x000000008aa00000, 0x000000008aa00000|100%| E|CS|TAMS 0x000000008a900000| PB 0x000000008a900000| Complete |  0
| 120|0x000000008aa00000, 0x000000008ab00000, 0x000000008ab00000|100%| E|CS|TAMS 0x000000008aa00000| PB 0x000000008aa00000| Complete |  0
| 121|0x000000008ab00000, 0x000000008ac00000, 0x000000008ac00000|100%| E|CS|TAMS 0x000000008ab00000| PB 0x000000008ab00000| Complete |  0
| 122|0x000000008ac00000, 0x000000008ad00000, 0x000000008ad00000|100%| E|CS|TAMS 0x000000008ac00000| PB 0x000000008ac00000| Complete |  0
| 123|0x000000008ad00000, 0x000000008ae00000, 0x000000008ae00000|100%| E|CS|TAMS 0x000000008ad00000| PB 0x000000008ad00000| Complete |  0
| 124|0x000000008ae00000, 0x000000008af00000, 0x000000008af00000|100%| E|CS|TAMS 0x000000008ae00000| PB 0x000000008ae00000| Complete |  0
| 125|0x000000008af00000, 0x000000008b000000, 0x000000008b000000|100%| E|CS|TAMS 0x000000008af00000| PB 0x000000008af00000| Complete |  0
|1996|0x00000000ffe00000, 0x00000000fff00000, 0x00000000fff00000|100%| O|  |TAMS 0x00000000ffe00000| PB 0x00000000ffe00000| Untracked |  0
|1997|0x00000000fff00000, 0x00000000fff256a0, 0x0000000100000000| 14%| O|  |TAMS 0x00000000fff00000| PB 0x00000000fff00000| Untracked |  0

Card table byte_map: [0x000002276cb80000,0x000002276cf70000] _byte_map_base: 0x000002276c767000

Marking Bits: (CMBitMap*) 0x0000022754b24c20
 Bits: [0x000002276cf70000, 0x000002276eea8000)

Polling page: 0x00000227542a0000

Metaspace:
Metaspace        used 20130K, committed 20416K, reserved 1114112K
 class space     used 1940K, committed 2048K, reserved 1048576K

Usage:
  Non-class:     17.76 MB used.
      Class:      1.90 MB used.
       Both:     19.66 MB used.

Virtual space:
  Non-class space:       64.00 MB reserved,      17.94 MB ( 28%) committed,  1 nodes.
      Class space:        1.00 GB reserved,       2.00 MB ( <1%) committed,  1 nodes.
             Both:        1.06 GB reserved,      19.94 MB (  2%) committed. 

Chunk freelists:
   Non-Class:  13.66 MB
       Class:  14.01 MB
        Both:  27.66 MB

MaxMetaspaceSize: unlimited
CompressedClassSpaceSize: 1.00 GB
Initial GC threshold: 21.00 MB
Current GC threshold: 21.00 MB
CDS: on
 - commit_granule_bytes: 65536.
 - commit_granule_words: 8192.
 - virtual_space_node_default_size: 8388608.
 - enlarge_chunks_in_place: 1.
UseCompressedClassPointers 1, UseCompactObjectHeaders 0
Narrow klass pointer bits 32, Max shift 3
Narrow klass base: 0x000000003d000000, Narrow klass shift: 0
Encoding Range: [0x000000003d000000 - 0x000000013d000000), (4294967296 bytes)
Klass Range:    [0x000000003d010000 - 0x000000007e000000), (1090453504 bytes)
Klass ID Range:  [65536 - 1090519033) (1090453497)
Protection zone: [0x000000003d000000 - 0x000000003d010000), (65536 bytes)


Internal statistics:

num_allocs_failed_limit: 0.
num_arena_births: 214.
num_arena_deaths: 0.
num_vsnodes_births: 2.
num_vsnodes_deaths: 0.
num_space_committed: 319.
num_space_uncommitted: 0.
num_chunks_returned_to_freelist: 0.
num_chunks_taken_from_freelist: 852.
num_chunk_merges: 0.
num_chunk_splits: 589.
num_chunks_enlarged: 463.
num_inconsistent_stats: 0.

CodeHeap 'non-profiled nmethods': size=120064Kb used=796Kb max_used=796Kb free=119267Kb
 bounds [0x0000022764e10000, 0x0000022765080000, 0x000002276c350000]
CodeHeap 'profiled nmethods': size=120000Kb used=5105Kb max_used=5105Kb free=114894Kb
 bounds [0x000002275d350000, 0x000002275d850000, 0x0000022764880000]
CodeHeap 'non-nmethods': size=5696Kb used=1558Kb max_used=1620Kb free=4137Kb
 bounds [0x0000022764880000, 0x0000022764af0000, 0x0000022764e10000]
CodeCache: size=245760Kb, used=7459Kb, max_used=7521Kb, free=238298Kb
 total_blobs=3600, nmethods=3053, adapters=449, full_count=0
Compilation: enabled, stopped_count=0, restarted_count=0

Compilation events (20 events):
Event: 2.436 Thread 0x00000227719316c0 nmethod 2879 0x000002275d7e7388 code [0x000002275d7e7480, 0x000002275d7e7850]
Event: 2.436 Thread 0x00000227719316c0 2880       3       java.util.Collections$UnmodifiableList::<init> (11 bytes)
Event: 2.437 Thread 0x00000227719316c0 nmethod 2880 0x000002275d7e7888 code [0x000002275d7e7980, 0x000002275d7e7cf0]
Event: 2.437 Thread 0x00000227719316c0 2881       3       java.lang.reflect.Constructor::setConstructorAccessor (20 bytes)
Event: 2.438 Thread 0x00000227719316c0 nmethod 2881 0x000002275d7e7d08 code [0x000002275d7e7e00, 0x000002275d7e81b0]
Event: 2.439 Thread 0x00000227719316c0 2882       3       org.springframework.core.annotation.TypeMappedAnnotation::getType (8 bytes)
Event: 2.440 Thread 0x00000227719316c0 nmethod 2882 0x000002275d7e8208 code [0x000002275d7e8300, 0x000002275d7e84a8]
Event: 2.440 Thread 0x00000227719316c0 2883       1       org.springframework.core.type.classreading.ClassFileAnnotationMetadata::getClassName (5 bytes)
Event: 2.440 Thread 0x00000227719316c0 nmethod 2883 0x0000022764ed2d88 code [0x0000022764ed2e80, 0x0000022764ed2f48]
Event: 2.441 Thread 0x00000227719316c0 2884       3       org.springframework.core.io.AbstractResource::<init> (5 bytes)
Event: 2.441 Thread 0x00000227719316c0 nmethod 2884 0x000002275d7e8508 code [0x000002275d7e8600, 0x000002275d7e8760]
Event: 2.442 Thread 0x00000227719316c0 2885       3       jdk.internal.classfile.impl.AnnotationReader::skipElementValue (326 bytes)
Event: 2.443 Thread 0x00000227719316c0 nmethod 2885 0x000002275d7e8808 code [0x000002275d7e8900, 0x000002275d7ea408]
Event: 2.443 Thread 0x00000227719316c0 2886       1       org.springframework.core.type.classreading.ClassFileAnnotationMetadata::getAnnotations (5 bytes)
Event: 2.444 Thread 0x00000227719316c0 nmethod 2886 0x0000022764ed3088 code [0x0000022764ed3180, 0x0000022764ed3248]
Event: 2.444 Thread 0x00000227719316c0 2887       3       org.springframework.core.annotation.AbstractMergedAnnotation::<init> (5 bytes)
Event: 2.444 Thread 0x00000227719316c0 nmethod 2887 0x000002275d7ea488 code [0x000002275d7ea580, 0x000002275d7ea6e0]
Event: 2.444 Thread 0x00000227719316c0 2888       3       java.util.LinkedHashSet::<init> (10 bytes)
Event: 2.444 Thread 0x00000227719316c0 nmethod 2888 0x000002275d7ea788 code [0x000002275d7ea8a0, 0x000002275d7ea9f0]
Event: 2.444 Thread 0x00000227719316c0 2891       3       org.springframework.core.annotation.MergedAnnotationsCollection$AnnotationsSpliterator::tryAdvance (116 bytes)

GC Heap Usage History (2 events):
Event: 1.692 {heap Before GC invocations=0 (full 0):
 garbage-first heap   total reserved 2045952K, committed 131072K, used 51349K [0x0000000083200000, 0x0000000100000000)
  region size 1024K, 47 young (48128K), 0 survivors (0K)
}
Event: 1.700 {heap After GC invocations=1 (full 0):
 garbage-first heap   total reserved 2045952K, committed 131072K, used 9968K [0x0000000083200000, 0x0000000100000000)
  region size 1024K, 6 young (6144K), 6 survivors (6144K)
}

Metaspace Usage History (2 events):
Event: 1.692 {metaspace Before GC invocations=0 (full 0):
 Metaspace       used 12104K, committed 12288K, reserved 1114112K
  class space    used 1174K, committed 1280K, reserved 1048576K
}
Event: 1.700 {metaspace After GC invocations=1 (full 0):
 Metaspace       used 12104K, committed 12288K, reserved 1114112K
  class space    used 1174K, committed 1280K, reserved 1048576K
}

Dll operation events (11 events):
Event: 0.014 Loaded shared library C:\Program Files\Java\jdk-25\bin\java.dll
Event: 0.205 Loaded shared library C:\Program Files\Java\jdk-25\bin\zip.dll
Event: 0.209 Loaded shared library C:\Program Files\Java\jdk-25\bin\instrument.dll
Event: 0.214 Loaded shared library C:\Program Files\Java\jdk-25\bin\net.dll
Event: 0.217 Loaded shared library C:\Program Files\Java\jdk-25\bin\nio.dll
Event: 0.221 Loaded shared library C:\Program Files\Java\jdk-25\bin\zip.dll
Event: 0.426 Loaded shared library C:\Program Files\Java\jdk-25\bin\extnet.dll
Event: 0.450 Loaded shared library C:\Program Files\Java\jdk-25\bin\jimage.dll
Event: 0.911 Loaded shared library C:\Program Files\Java\jdk-25\bin\management.dll
Event: 0.913 Loaded shared library C:\Program Files\Java\jdk-25\bin\management_ext.dll
Event: 2.086 Loaded shared library C:\Program Files\Java\jdk-25\bin\sunmscapi.dll

Deoptimization events (20 events):
Event: 2.356 Thread 0x0000022776968dc0 DEOPT PACKING pc=0x000002275d3c95e9 sp=0x000000834edfe7e0
Event: 2.356 Thread 0x0000022776968dc0 DEOPT UNPACKING pc=0x00000227648d12a2 sp=0x000000834edfdcd8 mode 0
Event: 2.356 Thread 0x0000022776968dc0 DEOPT PACKING pc=0x000002275d46372e sp=0x000000834edfe7d0
Event: 2.356 Thread 0x0000022776968dc0 DEOPT UNPACKING pc=0x00000227648d12a2 sp=0x000000834edfdce0 mode 0
Event: 2.357 Thread 0x0000022776968dc0 DEOPT PACKING pc=0x000002275d3c95e9 sp=0x000000834edfe7e0
Event: 2.357 Thread 0x0000022776968dc0 DEOPT UNPACKING pc=0x00000227648d12a2 sp=0x000000834edfdcd8 mode 0
Event: 2.357 Thread 0x0000022776968dc0 DEOPT PACKING pc=0x000002275d46372e sp=0x000000834edfe7d0
Event: 2.357 Thread 0x0000022776968dc0 DEOPT UNPACKING pc=0x00000227648d12a2 sp=0x000000834edfdce0 mode 0
Event: 2.358 Thread 0x0000022776968dc0 DEOPT PACKING pc=0x000002275d3c95e9 sp=0x000000834edfe7b0
Event: 2.358 Thread 0x0000022776968dc0 DEOPT UNPACKING pc=0x00000227648d12a2 sp=0x000000834edfdca0 mode 0
Event: 2.359 Thread 0x0000022776968dc0 DEOPT PACKING pc=0x000002275d46372e sp=0x000000834edfe7c0
Event: 2.359 Thread 0x0000022776968dc0 DEOPT UNPACKING pc=0x00000227648d12a2 sp=0x000000834edfdca8 mode 0
Event: 2.360 Thread 0x0000022776968dc0 DEOPT PACKING pc=0x000002275d3c95e9 sp=0x000000834edfe7f0
Event: 2.360 Thread 0x0000022776968dc0 DEOPT UNPACKING pc=0x00000227648d12a2 sp=0x000000834edfdce0 mode 0
Event: 2.361 Thread 0x0000022776968dc0 DEOPT PACKING pc=0x000002275d46372e sp=0x000000834edfe800
Event: 2.361 Thread 0x0000022776968dc0 DEOPT UNPACKING pc=0x00000227648d12a2 sp=0x000000834edfdce8 mode 0
Event: 2.361 Thread 0x0000022776968dc0 DEOPT PACKING pc=0x000002275d3c95e9 sp=0x000000834edfe7f0
Event: 2.361 Thread 0x0000022776968dc0 DEOPT UNPACKING pc=0x00000227648d12a2 sp=0x000000834edfdce0 mode 0
Event: 2.361 Thread 0x0000022776968dc0 DEOPT PACKING pc=0x000002275d46372e sp=0x000000834edfe800
Event: 2.361 Thread 0x0000022776968dc0 DEOPT UNPACKING pc=0x00000227648d12a2 sp=0x000000834edfdce8 mode 0

Classes loaded (20 events):
Event: 2.406 Loading class java/lang/classfile/AnnotationValue$OfBoolean done
Event: 2.406 Loading class jdk/internal/classfile/impl/AnnotationImpl$OfBooleanImpl done
Event: 2.408 Loading class jdk/internal/classfile/impl/AbstractAttributeMapper$DeprecatedMapper
Event: 2.409 Loading class jdk/internal/classfile/impl/AbstractAttributeMapper$DeprecatedMapper done
Event: 2.409 Loading class jdk/internal/classfile/impl/BoundAttribute$BoundDeprecatedAttribute
Event: 2.409 Loading class java/lang/classfile/attribute/DeprecatedAttribute
Event: 2.409 Loading class java/lang/classfile/attribute/DeprecatedAttribute done
Event: 2.409 Loading class jdk/internal/classfile/impl/BoundAttribute$BoundDeprecatedAttribute done
Event: 2.412 Loading class java/lang/reflect/AccessFlag$AccessFlagSet
Event: 2.413 Loading class java/lang/reflect/AccessFlag$AccessFlagSet done
Event: 2.420 Loading class jdk/internal/classfile/impl/AbstractAttributeMapper$NestHostMapper
Event: 2.420 Loading class jdk/internal/classfile/impl/AbstractAttributeMapper$NestHostMapper done
Event: 2.420 Loading class jdk/internal/classfile/impl/BoundAttribute$BoundNestHostAttribute
Event: 2.420 Loading class jdk/internal/classfile/impl/BoundAttribute$BoundNestHostAttribute done
Event: 2.423 Loading class jdk/internal/classfile/impl/AbstractAttributeMapper$BootstrapMethodsMapper
Event: 2.423 Loading class jdk/internal/classfile/impl/AbstractAttributeMapper$BootstrapMethodsMapper done
Event: 2.423 Loading class jdk/internal/classfile/impl/BoundAttribute$BoundBootstrapMethodsAttribute
Event: 2.424 Loading class java/lang/classfile/attribute/BootstrapMethodsAttribute
Event: 2.424 Loading class java/lang/classfile/attribute/BootstrapMethodsAttribute done
Event: 2.424 Loading class jdk/internal/classfile/impl/BoundAttribute$BoundBootstrapMethodsAttribute done

Classes unloaded (0 events):
No events

Classes redefined (0 events):
No events

Internal exceptions (20 events):
Event: 1.412 Thread 0x0000022776968dc0 Exception <a 'java/lang/NoSuchMethodError'{0x0000000088df63c0}: 'java.lang.Object java.lang.invoke.DirectMethodHandle$Holder.newInvokeSpecial(java.lang.Object, int, java.lang.Object)'> (0x0000000088df63c0) 
thrown [s\open\src\hotspot\share\interpreter\linkResolver.cpp, line 804]
Event: 1.412 Thread 0x0000022776968dc0 Exception <a 'java/lang/NoSuchMethodError'{0x0000000088dff9b0}: 'int java.lang.invoke.DirectMethodHandle$Holder.invokeSpecialIFC(java.lang.Object, java.lang.Object, java.lang.Object, java.lang.Object)'> (0x0000000088dff9b0) 
thrown [s\open\src\hotspot\share\interpreter\linkResolver.cpp, line 804]
Event: 1.441 Thread 0x0000022776968dc0 Exception <a 'java/lang/NoSuchMethodError'{0x0000000088cdf5d8}: 'void java.lang.invoke.DirectMethodHandle$Holder.invokeInterface(java.lang.Object, java.lang.Object, java.lang.Object)'> (0x0000000088cdf5d8) 
thrown [s\open\src\hotspot\share\interpreter\linkResolver.cpp, line 804]
Event: 1.474 Thread 0x0000022776968dc0 Exception <a 'java/lang/NoSuchMethodError'{0x0000000088ba6578}: 'void java.lang.invoke.DirectMethodHandle$Holder.invokeStaticInit(java.lang.Object, java.lang.Object, java.lang.Object)'> (0x0000000088ba6578) 
thrown [s\open\src\hotspot\share\interpreter\linkResolver.cpp, line 804]
Event: 1.481 Thread 0x0000022776968dc0 Exception <a 'java/lang/NoSuchMethodError'{0x0000000088bf67c0}: 'java.lang.Object java.lang.invoke.DirectMethodHandle$Holder.invokeVirtual(java.lang.Object, java.lang.Object, java.lang.Object)'> (0x0000000088bf67c0) 
thrown [s\open\src\hotspot\share\interpreter\linkResolver.cpp, line 804]
Event: 1.513 Thread 0x0000022776968dc0 Exception <a 'java/lang/NoSuchMethodError'{0x0000000088ac6650}: 'void java.lang.invoke.DirectMethodHandle$Holder.invokeVirtual(java.lang.Object, java.lang.Object, java.lang.Object, java.lang.Object)'> (0x0000000088ac6650) 
thrown [s\open\src\hotspot\share\interpreter\linkResolver.cpp, line 804]
Event: 1.624 Thread 0x0000022776968dc0 Exception <a 'java/lang/IncompatibleClassChangeError'{0x000000008841a3e0}: Found class java.lang.Object, but interface was expected> (0x000000008841a3e0) 
thrown [s\open\src\hotspot\share\interpreter\linkResolver.cpp, line 871]
Event: 1.688 Thread 0x0000022776967650 Exception <a 'java/lang/NoSuchMethodError'{0x0000000088170928}: 'java.lang.Object java.lang.invoke.Invokers$Holder.linkToTargetMethod(java.lang.Object, int, java.lang.Object, java.lang.Object)'> (0x0000000088170928) 
thrown [s\open\src\hotspot\share\interpreter\linkResolver.cpp, line 804]
Event: 1.826 Thread 0x0000022776968dc0 Implicit null exception at 0x0000022764e2ac1d to 0x0000022764e2ac95
Event: 1.930 Thread 0x0000022776967650 Exception <a 'java/lang/NoSuchMethodError'{0x000000008a11a308}: 'long java.lang.invoke.DirectMethodHandle$Holder.invokeSpecial(java.lang.Object, java.lang.Object)'> (0x000000008a11a308) 
thrown [s\open\src\hotspot\share\interpreter\linkResolver.cpp, line 804]
Event: 1.932 Thread 0x0000022776967650 Exception <a 'java/lang/NoSuchMethodError'{0x000000008a1381b8}: 'long java.lang.invoke.DirectMethodHandle$Holder.invokeStatic(java.lang.Object, java.lang.Object)'> (0x000000008a1381b8) 
thrown [s\open\src\hotspot\share\interpreter\linkResolver.cpp, line 804]
Event: 1.933 Thread 0x0000022776967650 Exception <a 'java/lang/NoSuchMethodError'{0x000000008a13ff60}: 'long java.lang.invoke.DirectMethodHandle$Holder.invokeStaticInit(java.lang.Object, java.lang.Object)'> (0x000000008a13ff60) 
thrown [s\open\src\hotspot\share\interpreter\linkResolver.cpp, line 804]
Event: 1.935 Thread 0x0000022776967650 Exception <a 'java/lang/NoSuchMethodError'{0x000000008a165808}: 'long java.lang.invoke.DirectMethodHandle$Holder.invokeInterface(java.lang.Object, java.lang.Object)'> (0x000000008a165808) 
thrown [s\open\src\hotspot\share\interpreter\linkResolver.cpp, line 804]
Event: 1.935 Thread 0x0000022776967650 Exception <a 'java/lang/IncompatibleClassChangeError'{0x000000008a16d4c0}: Found class java.lang.Object, but interface was expected> (0x000000008a16d4c0) 
thrown [s\open\src\hotspot\share\interpreter\linkResolver.cpp, line 871]
Event: 2.007 Thread 0x0000022776967650 Exception <a 'java/lang/NoSuchMethodError'{0x0000000089d94648}: 'java.lang.Object java.lang.invoke.DirectMethodHandle$Holder.newInvokeSpecial(java.lang.Object, java.lang.Object, java.lang.Object, int)'> (0x0000000089d94648) 
thrown [s\open\src\hotspot\share\interpreter\linkResolver.cpp, line 804]
Event: 2.007 Thread 0x0000022776967650 Exception <a 'java/lang/NoSuchMethodError'{0x0000000089d9d160}: 'java.lang.Object java.lang.invoke.Invokers$Holder.linkToTargetMethod(java.lang.Object, java.lang.Object, int, java.lang.Object)'> (0x0000000089d9d160) 
thrown [s\open\src\hotspot\share\interpreter\linkResolver.cpp, line 804]
Event: 2.022 Thread 0x0000022776968dc0 Exception <a 'java/lang/NoSuchMethodError'{0x0000000089deec98}: 'int java.lang.invoke.DirectMethodHandle$Holder.invokeSpecial(java.lang.Object, java.lang.Object, java.lang.Object, java.lang.Object, java.lang.Object)'> (0x0000000089deec98) 
thrown [s\open\src\hotspot\share\interpreter\linkResolver.cpp, line 804]
Event: 2.026 Thread 0x0000022776968dc0 Exception <a 'java/lang/NoSuchMethodError'{0x0000000089c10558}: 'void java.lang.invoke.DirectMethodHandle$Holder.invokeVirtual(java.lang.Object, java.lang.Object)'> (0x0000000089c10558) 
thrown [s\open\src\hotspot\share\interpreter\linkResolver.cpp, line 804]
Event: 2.195 Thread 0x0000022776968dc0 Exception <a 'java/lang/NoSuchMethodError'{0x0000000089a705c8}: 'java.lang.Object java.lang.invoke.DirectMethodHandle$Holder.invokeStatic(java.lang.Object, java.lang.Object, int)'> (0x0000000089a705c8) 
thrown [s\open\src\hotspot\share\interpreter\linkResolver.cpp, line 804]
Event: 2.353 Thread 0x0000022776968dc0 Exception <a 'java/lang/IncompatibleClassChangeError'{0x000000008948f260}: Found class java.lang.Object, but interface was expected> (0x000000008948f260) 
thrown [s\open\src\hotspot\share\interpreter\linkResolver.cpp, line 871]

VM Operations (20 events):
Event: 1.594 Executing non-safepoint VM operation: HandshakeAllThreads (Deoptimize)
Event: 1.594 Executing non-safepoint VM operation: HandshakeAllThreads (Deoptimize) done
Event: 1.691 Executing safepoint VM operation: G1CollectForAllocation (G1 Evacuation Pause)
Event: 1.700 Executing safepoint VM operation: G1CollectForAllocation (G1 Evacuation Pause) done
Event: 1.769 Executing non-safepoint VM operation: HandshakeAllThreads (Deoptimize)
Event: 1.769 Executing non-safepoint VM operation: HandshakeAllThreads (Deoptimize) done
Event: 1.919 Executing non-safepoint VM operation: HandshakeAllThreads (Deoptimize)
Event: 1.920 Executing non-safepoint VM operation: HandshakeAllThreads (Deoptimize) done
Event: 1.981 Executing non-safepoint VM operation: HandshakeAllThreads (Deoptimize)
Event: 1.981 Executing non-safepoint VM operation: HandshakeAllThreads (Deoptimize) done
Event: 2.060 Executing non-safepoint VM operation: HandshakeAllThreads (Deoptimize)
Event: 2.060 Executing non-safepoint VM operation: HandshakeAllThreads (Deoptimize) done
Event: 2.062 Executing non-safepoint VM operation: HandshakeAllThreads (Deoptimize)
Event: 2.062 Executing non-safepoint VM operation: HandshakeAllThreads (Deoptimize) done
Event: 2.067 Executing non-safepoint VM operation: HandshakeAllThreads (Deoptimize)
Event: 2.067 Executing non-safepoint VM operation: HandshakeAllThreads (Deoptimize) done
Event: 2.077 Executing non-safepoint VM operation: HandshakeAllThreads (Deoptimize)
Event: 2.077 Executing non-safepoint VM operation: HandshakeAllThreads (Deoptimize) done
Event: 2.363 Executing non-safepoint VM operation: HandshakeAllThreads (Deoptimize)
Event: 2.363 Executing non-safepoint VM operation: HandshakeAllThreads (Deoptimize) done

Memory protections (0 events):
No events

Nmethod flushes (0 events):
No events

Events (18 events):
Event: 0.038 Thread 0x000002275272bbe0 Thread added: 0x000002275272bbe0
Event: 0.056 Thread 0x000002275272bbe0 Thread added: 0x000002277191d4a0
Event: 0.056 Thread 0x000002275272bbe0 Thread added: 0x000002277191ddb0
Event: 0.056 Thread 0x000002275272bbe0 Thread added: 0x00000227719230e0
Event: 0.056 Thread 0x000002275272bbe0 Thread added: 0x00000227717d27e0
Event: 0.056 Thread 0x000002275272bbe0 Thread added: 0x0000022771927250
Event: 0.056 Thread 0x000002275272bbe0 Thread added: 0x000002277192b8a0
Event: 0.056 Thread 0x000002275272bbe0 Thread added: 0x000002277192d5f0
Event: 0.057 Thread 0x000002275272bbe0 Thread added: 0x00000227719316c0
Event: 0.212 Thread 0x000002275272bbe0 Thread added: 0x0000022771929190
Event: 0.403 Thread 0x000002275272bbe0 Thread added: 0x0000022771924b40
Event: 0.403 Thread 0x000002275272bbe0 Thread added: 0x0000022771924370
Event: 0.982 Thread 0x000002275272bbe0 Thread added: 0x000002277192a900
Event: 0.986 Thread 0x000002277192a900 Thread added: 0x0000022776968dc0
Event: 1.607 Thread 0x0000022776968dc0 Thread added: 0x0000022776967650
Event: 2.151 Thread 0x0000022776967650 Thread exited: 0x0000022776967650
Event: 2.276 Thread 0x0000022776968dc0 Thread added: 0x0000022776965710
Event: 2.345 Thread 0x0000022776965710 Thread exited: 0x0000022776965710


Dynamic libraries:
0x00007ff7881c0000 - 0x00007ff7881d0000 	C:\Program Files\Java\jdk-25\bin\java.exe
0x00007ff85ae20000 - 0x00007ff85b029000 	C:\Windows\SYSTEM32\ntdll.dll
0x00007ff859fa0000 - 0x00007ff85a05d000 	C:\Windows\System32\KERNEL32.DLL
0x00007ff858770000 - 0x00007ff858af4000 	C:\Windows\System32\KERNELBASE.dll
0x00007ff858520000 - 0x00007ff858631000 	C:\Windows\System32\ucrtbase.dll
0x00007ff81fe80000 - 0x00007ff81fe9e000 	C:\Program Files\Java\jdk-25\bin\VCRUNTIME140.dll
0x00007ff81c510000 - 0x00007ff81c527000 	C:\Program Files\Java\jdk-25\bin\jli.dll
0x00007ff859760000 - 0x00007ff85990d000 	C:\Windows\System32\USER32.dll
0x00007ff8582b0000 - 0x00007ff8582d6000 	C:\Windows\System32\win32u.dll
0x00007ff85ad30000 - 0x00007ff85ad5a000 	C:\Windows\System32\GDI32.dll
0x00007ff858380000 - 0x00007ff85849e000 	C:\Windows\System32\gdi32full.dll
0x00007ff8582e0000 - 0x00007ff85837d000 	C:\Windows\System32\msvcp_win.dll
0x00007ff8397e0000 - 0x00007ff839a85000 	C:\Windows\WinSxS\amd64_microsoft.windows.common-controls_6595b64144ccf1df_6.0.22000.120_none_9d947278b86cc467\COMCTL32.dll
0x00007ff859dc0000 - 0x00007ff859e63000 	C:\Windows\System32\msvcrt.dll
0x00007ff8596a0000 - 0x00007ff8596d1000 	C:\Windows\System32\IMM32.DLL
0x00007ff851f30000 - 0x00007ff851f3c000 	C:\Program Files\Java\jdk-25\bin\vcruntime140_1.dll
0x00007ff80cd10000 - 0x00007ff80cd9d000 	C:\Program Files\Java\jdk-25\bin\msvcp140.dll
0x00007fffc92d0000 - 0x00007fffca12f000 	C:\Program Files\Java\jdk-25\bin\server\jvm.dll
0x00007ff85ab30000 - 0x00007ff85abde000 	C:\Windows\System32\ADVAPI32.dll
0x00007ff858e50000 - 0x00007ff858eee000 	C:\Windows\System32\sechost.dll
0x00007ff859e70000 - 0x00007ff859f91000 	C:\Windows\System32\RPCRT4.dll
0x00007ff85a060000 - 0x00007ff85a0cf000 	C:\Windows\System32\WS2_32.dll
0x00007ff856bf0000 - 0x00007ff856c3d000 	C:\Windows\SYSTEM32\POWRPROF.dll
0x00007ff851ee0000 - 0x00007ff851f13000 	C:\Windows\SYSTEM32\WINMM.dll
0x00007ff84f6c0000 - 0x00007ff84f6ca000 	C:\Windows\SYSTEM32\VERSION.dll
0x00007ff856dd0000 - 0x00007ff856de3000 	C:\Windows\SYSTEM32\UMPDC.dll
0x00007ff857410000 - 0x00007ff857428000 	C:\Windows\SYSTEM32\kernel.appcore.dll
0x00007ff81ef00000 - 0x00007ff81ef0a000 	C:\Program Files\Java\jdk-25\bin\jimage.dll
0x00007ff855710000 - 0x00007ff855931000 	C:\Windows\SYSTEM32\DBGHELP.DLL
0x00007ff848320000 - 0x00007ff848351000 	C:\Windows\SYSTEM32\dbgcore.DLL
0x00007ff8584a0000 - 0x00007ff85851f000 	C:\Windows\System32\bcryptPrimitives.dll
0x00007ff854210000 - 0x00007ff854220000 	C:\Program Files\Java\jdk-25\bin\instrument.dll
0x00007ff81c4f0000 - 0x00007ff81c50f000 	C:\Program Files\Java\jdk-25\bin\java.dll
0x00007ff859370000 - 0x00007ff85950a000 	C:\Windows\System32\ole32.dll
0x00007ff858fe0000 - 0x00007ff859356000 	C:\Windows\System32\combase.dll
0x00007ff85a130000 - 0x00007ff85a8f5000 	C:\Windows\System32\SHELL32.dll
0x00007ff856370000 - 0x00007ff856bd2000 	C:\Windows\SYSTEM32\windows.storage.dll
0x00007ff8561f0000 - 0x00007ff856357000 	C:\Windows\SYSTEM32\wintypes.dll
0x00007ff858ef0000 - 0x00007ff858fda000 	C:\Windows\System32\SHCORE.dll
0x00007ff85abe0000 - 0x00007ff85ac3d000 	C:\Windows\System32\shlwapi.dll
0x00007ff8581e0000 - 0x00007ff858205000 	C:\Windows\SYSTEM32\profapi.dll
0x00007ff819b20000 - 0x00007ff819b37000 	C:\Program Files\Java\jdk-25\bin\zip.dll
0x00007ff81c470000 - 0x00007ff81c482000 	C:\Program Files\Java\jdk-25\bin\net.dll
0x00007ff8578c0000 - 0x00007ff857927000 	C:\Windows\system32\mswsock.dll
0x00007ff819bf0000 - 0x00007ff819c06000 	C:\Program Files\Java\jdk-25\bin\nio.dll
0x00007ff81ee20000 - 0x00007ff81ee29000 	C:\Program Files\Java\jdk-25\bin\extnet.dll
0x00007ff854040000 - 0x00007ff85404a000 	C:\Program Files\Java\jdk-25\bin\management.dll
0x00007ff853f30000 - 0x00007ff853f3c000 	C:\Program Files\Java\jdk-25\bin\management_ext.dll
0x00007ff85a900000 - 0x00007ff85a908000 	C:\Windows\System32\PSAPI.DLL
0x00007ff81a420000 - 0x00007ff81a42e000 	C:\Program Files\Java\jdk-25\bin\sunmscapi.dll
0x00007ff858b00000 - 0x00007ff858c62000 	C:\Windows\System32\CRYPT32.dll
0x00007ff857c50000 - 0x00007ff857c78000 	C:\Windows\SYSTEM32\ncrypt.dll
0x00007ff857c10000 - 0x00007ff857c47000 	C:\Windows\SYSTEM32\NTASN1.dll

JVMTI agents:
C:\Program Files\JetBrains\IntelliJ IDEA 2025.3.1\lib\idea_rt.jar path:C:\Program Files\Java\jdk-25\bin\instrument.dll, loaded, initialized, instrumentlib options:52656

dbghelp: loaded successfully - version: 4.0.5 - missing functions: none
symbol engine: initialized successfully - sym options: 0x614 - pdb path: .;C:\Program Files\Java\jdk-25\bin;C:\Windows\SYSTEM32;C:\Windows\WinSxS\amd64_microsoft.windows.common-controls_6595b64144ccf1df_6.0.22000.120_none_9d947278b86cc467;C:\Program Files\Java\jdk-25\bin\server

VM Arguments:
jvm_args: -javaagent:C:\Program Files\JetBrains\IntelliJ IDEA 2025.3.1\lib\idea_rt.jar=52656 -Dfile.encoding=UTF-8 -Dsun.stdout.encoding=UTF-8 -Dsun.stderr.encoding=UTF-8 
java_command: com.het.buspasssystem.BuspasssystemApplication
java_class_path (initial): F:\CHARUSAT\Bus_Pass_System\target\classes;C:\Users\hetga\.m2\repository\org\springframework\boot\spring-boot-starter-thymeleaf\4.0.6\spring-boot-starter-thymeleaf-4.0.6.jar;C:\Users\hetga\.m2\repository\org\springframework\boot\spring-boot-starter\4.0.6\spring-boot-starter-4.0.6.jar;C:\Users\hetga\.m2\repository\org\springframework\boot\spring-boot-starter-logging\4.0.6\spring-boot-starter-logging-4.0.6.jar;C:\Users\hetga\.m2\repository\ch\qos\logback\logback-classic\1.5.32\logback-classic-1.5.32.jar;C:\Users\hetga\.m2\repository\ch\qos\logback\logback-core\1.5.32\logback-core-1.5.32.jar;C:\Users\hetga\.m2\repository\org\apache\logging\log4j\log4j-to-slf4j\2.25.4\log4j-to-slf4j-2.25.4.jar;C:\Users\hetga\.m2\repository\org\apache\logging\log4j\log4j-api\2.25.4\log4j-api-2.25.4.jar;C:\Users\hetga\.m2\repository\org\slf4j\jul-to-slf4j\2.0.17\jul-to-slf4j-2.0.17.jar;C:\Users\hetga\.m2\repository\jakarta\annotation\jakarta.annotation-api\3.0.0\jakarta.annotation-api-3.0.0.jar;C:\Users\hetga\.m2\repository\org\yaml\snakeyaml\2.5\snakeyaml-2.5.jar;C:\Users\hetga\.m2\repository\org\springframework\boot\spring-boot-thymeleaf\4.0.6\spring-boot-thymeleaf-4.0.6.jar;C:\Users\hetga\.m2\repository\org\thymeleaf\thymeleaf-spring6\3.1.5.RELEASE\thymeleaf-spring6-3.1.5.RELEASE.jar;C:\Users\hetga\.m2\repository\org\thymeleaf\thymeleaf\3.1.5.RELEASE\thymeleaf-3.1.5.RELEASE.jar;C:\Users\hetga\.m2\repository\org\attoparser\attoparser\2.0.7.RELEASE\attoparser-2.0.7.RELEASE.jar;C:\Users\hetga\.m2\repository\org\unbescape\unbescape\1.1.6.RELEASE\unbescape-1.1.6.RELEASE.jar;C:\Users\hetga\.m2\repository\org\slf4j\slf4j-api\2.0.17\slf4j-api-2.0.17.jar;C:\Users\hetga\.m2\repository\org\springframework\spring-web\7.0.7\spring-web-7.0.7.jar;C:\Users\hetga\.m2\repository\org\springframework\spring-beans\7.0.7\spring-beans-7.0.7.jar;C:\Users\hetga\.m2\repository\io\micrometer\micrometer-observation\1.16.5\micrometer-observation-1.16.5.jar;C:\Users\hetga\.m2\repository\io\micrometer\micrometer-commons\1.16.5\micrometer-commons-1.16.5.jar;C:\Users\hetga\.m2\repository\org\springframework\boot\spring-boot-starter-webmvc\4.0.6\spring-boot-starter-webmvc-4.0.6.jar;C:\Users\hetga\.m2\repository\org\springframework\boot\spring-boot-starter-jackson\4.0.6\spring-boot-starter-jackson-4.0.6.jar;C:\Users\hetga\.m2\repository\org\springframework\boot\spring-boot-jackson\4.0.6\spring-boot-jackson-4.0.6.jar;C:\Users\hetga\.m2\repository\tools\jackson\core\jackson-databind\3.1.2\jackson-databind-3.1.2.jar;C:\Users\hetga\.m2\repository\com\fasterxml\jackson\core\jackson-annotations\2.21\jackson-annotations-2.21.jar;C:\Users\hetga\.m2\repository\tools\jackson\core\jackson-core\3.1.2\jackson-core-3.1.2.jar;C:\Users\hetga\.m2\repository\org\springframework\boot\spring-boot-starter-tomcat\4.0.6\spring-boot-starter-tomcat-4.0.6.jar;C:\Users\hetga\.m2\repository\org\springframework\boot\spring-boot-starter-tomcat-runtime\4.0.6\spring-boot-starter-tomcat-runtime-4.0.6.jar;C:\Users\hetga\.m2\repository\org\apache\tomcat\embed\tomcat-embed-core\11.0.21\tomcat-embed-core-11.0.21.jar;C:\Users\hetga\.m2\repository\org\apache\tomcat\embed\tomcat-embed-el\11.0.21\tomcat-embed-el-11.0.21.jar;C:\Users\hetga\.m2\repository\org\apache\tomcat\embed\tomcat-embed-websocket\11.0.21\tomcat-embed-websocket-11.0.21.jar;C:\Users\hetga\.m2\repository\org\springframework\boot\spring-boot-tomcat\4.0.6\spring-boot-tomcat-4.0.6.jar;C:\Users\hetga\.m2\repository\org\springframework\boot\spring-boot-http-converter\4.0.6\spring-boot-http-converter-4.0.6.jar;C:\Users\hetga\.m2\repository\org\springframework\boot\spring-boot-webmvc\4.0.6\spring-boot-webmvc-4.0.6.jar;C:\Users\hetga\.m2\repository\org\springframework\boot\spring-boot-servlet\4.0.6\spring-boot-servlet-4.0.6.jar;C:\Users\hetga\.m2\repository\org\springframework\spring-webmvc\7.0.7\spring-webmvc-7.0.7.jar;C:\Users\hetga\.m2\repository\org\springframework\spring-aop\7.0.7\spring-aop-7.0.7.jar;C:\Users\hetga\.m2\repository\org\springframework\spring-expression\7.0.7\spring-expression-7.0.7.jar;C:\Users\hetga\.m2\repository\org\springframework\boot\spring-boot-devtools\4.0.6\spring-boot-devtools-4.0.6.jar;C:\Users\hetga\.m2\repository\org\springframework\boot\spring-boot\4.0.6\spring-boot-4.0.6.jar;C:\Users\hetga\.m2\repository\org\springframework\spring-core\7.0.7\spring-core-7.0.7.jar;C:\Users\hetga\.m2\repository\commons-logging\commons-logging\1.3.6\commons-logging-1.3.6.jar;C:\Users\hetga\.m2\repository\org\jspecify\jspecify\1.0.0\jspecify-1.0.0.jar;C:\Users\hetga\.m2\repository\org\springframework\spring-context\7.0.7\spring-context-7.0.7.jar;C:\Users\hetga\.m2\repository\org\springframework\boot\spring-boot-autoconfigure\4.0.6\spring-boot-autoconfigure-4.0.6.jar;C:\Users\hetga\.m2\repository\jakarta\xml\bind\jakarta.xml.bind-api\4.0.4\jakarta.xml.bind-api-4.0.4.jar;C:\Users\hetga\.m2\repository\jakarta\activation\jakarta.activation-api\2.1.4\jakarta.activation-api-2.1.4.jar;C:\Users\hetga\.m2\repository\net\bytebuddy\byte-buddy\1.17.8\byte-buddy-1.17.8.jar;C:\Users\hetga\.m2\repository\org\springframework\boot\spring-boot-web-server\4.0.6\spring-boot-web-server-4.0.6.jar;C:\Users\hetga\.m2\repository\org\springframework\boot\spring-boot-starter-data-jpa\4.0.6\spring-boot-starter-data-jpa-4.0.6.jar;C:\Users\hetga\.m2\repository\org\springframework\boot\spring-boot-starter-jdbc\4.0.6\spring-boot-starter-jdbc-4.0.6.jar;C:\Users\hetga\.m2\repository\com\zaxxer\HikariCP\7.0.2\HikariCP-7.0.2.jar;C:\Users\hetga\.m2\repository\org\springframework\boot\spring-boot-data-jpa\4.0.6\spring-boot-data-jpa-4.0.6.jar;C:\Users\hetga\.m2\repository\org\springframework\boot\spring-boot-data-commons\4.0.6\spring-boot-data-commons-4.0.6.jar;C:\Users\hetga\.m2\repository\org\springframework\boot\spring-boot-persistence\4.0.6\spring-boot-persistence-4.0.6.jar;C:\Users\hetga\.m2\repository\org\springframework\data\spring-data-commons\4.0.5\spring-data-commons-4.0.5.jar;C:\Users\hetga\.m2\repository\org\springframework\boot\spring-boot-hibernate\4.0.6\spring-boot-hibernate-4.0.6.jar;C:\Users\hetga\.m2\repository\org\springframework\boot\spring-boot-jpa\4.0.6\spring-boot-jpa-4.0.6.jar;C:\Users\hetga\.m2\repository\jakarta\persistence\jakarta.persistence-api\3.2.0\jakarta.persistence-api-3.2.0.jar;C:\Users\hetga\.m2\repository\org\hibernate\orm\hibernate-core\7.2.12.Final\hibernate-core-7.2.12.Final.jar;C:\Users\hetga\.m2\repository\jakarta\transaction\jakarta.transaction-api\2.0.1\jakarta.transaction-api-2.0.1.jar;C:\Users\hetga\.m2\repository\org\jboss\logging\jboss-logging\3.6.3.Final\jboss-logging-3.6.3.Final.jar;C:\Users\hetga\.m2\repository\org\hibernate\models\hibernate-models\1.0.1\hibernate-models-1.0.1.jar;C:\Users\hetga\.m2\repository\com\fasterxml\classmate\1.7.3\classmate-1.7.3.jar;C:\Users\hetga\.m2\repository\org\glassfish\jaxb\jaxb-runtime\4.0.6\jaxb-runtime-4.0.6.jar;C:\Users\hetga\.m2\repository\org\glassfish\jaxb\jaxb-core\4.0.6\jaxb-core-4.0.6.jar;C:\Users\hetga\.m2\repository\org\eclipse\angus\angus-activation\2.0.3\angus-activation-2.0.3.jar;C:\Users\hetga\.m2\repository\org\glassfish\jaxb\txw2\4.0.6\txw2-4.0.6.jar;C:\Users\hetga\.m2\repository\com\sun\istack\istack-commons-runtime\4.1.2\istack-commons-runtime-4.1.2.jar;C:\Users\hetga\.m2\repository\jakarta\inject\jakarta.inject-api\2.0.1\jakarta.inject-api-2.0.1.jar;C:\Users\hetga\.m2\repository\org\springframework\spring-orm\7.0.7\spring-orm-7.0.7.jar;C:\Users\hetga\.m2\repository\org\springframework\data\spring-data-jpa\4.0.5\spring-data-jpa-4.0.5.jar;C:\Users\hetga\.m2\repository\org\springframework\spring-tx\7.0.7\spring-tx-7.0.7.jar;C:\Users\hetga\.m2\repository\org\antlr\antlr4-runtime\4.13.2\antlr4-runtime-4.13.2.jar;C:\Users\hetga\.m2\repository\org\springframework\spring-aspects\7.0.7\spring-aspects-7.0.7.jar;C:\Users\hetga\.m2\repository\org\aspectj\aspectjweaver\1.9.25.1\aspectjweaver-1.9.25.1.jar;C:\Users\hetga\.m2\repository\org\springframework\boot\spring-boot-jdbc\4.0.6\spring-boot-jdbc-4.0.6.jar;C:\Users\hetga\.m2\repository\org\springframework\boot\spring-boot-sql\4.0.6\spring-boot-sql-4.0.6.jar;C:\Users\hetga\.m2\repository\org\springframework\boot\spring-boot-transaction\4.0.6\spring-boot-transaction-4.0.6.jar;C:\Users\hetga\.m2\repository\org\springframework\spring-jdbc\7.0.7\spring-jdbc-7.0.7.jar;C:\Users\hetga\.m2\repository\com\mysql\mysql-connector-j\9.7.0\mysql-connector-j-9.7.0.jar
Launcher Type: SUN_STANDARD

[Global flags]
     intx CICompilerCount                          = 4                                         {product} {ergonomic}
     uint ConcGCThreads                            = 2                                         {product} {ergonomic}
     uint G1ConcRefinementThreads                  = 8                                         {product} {ergonomic}
   size_t G1HeapRegionSize                         = 1048576                                   {product} {ergonomic}
   size_t InitialHeapSize                          = 132120576                                 {product} {ergonomic}
   size_t MarkStackSize                            = 4194304                                   {product} {ergonomic}
   size_t MarkStackSizeMax                         = 536870912                                 {product} {ergonomic}
   size_t MaxHeapSize                              = 2095054848                                {product} {ergonomic}
   size_t MaxNewSize                               = 1256194048                                {product} {ergonomic}
   size_t MinHeapDeltaBytes                        = 1048576                                   {product} {ergonomic}
   size_t MinHeapSize                              = 8388608                                   {product} {ergonomic}
    uintx NonNMethodCodeHeapSize                   = 5832704                                {pd product} {ergonomic}
    uintx NonProfiledCodeHeapSize                  = 122945536                              {pd product} {ergonomic}
    uintx ProfiledCodeHeapSize                     = 122880000                              {pd product} {ergonomic}
    uintx ReservedCodeCacheSize                    = 251658240                              {pd product} {ergonomic}
     bool SegmentedCodeCache                       = true                                      {product} {ergonomic}
   size_t SoftMaxHeapSize                          = 2095054848                             {manageable} {ergonomic}
     bool UseCompressedOops                        = true                           {product lp64_product} {ergonomic}
     bool UseG1GC                                  = true                                      {product} {ergonomic}
     bool UseLargePagesIndividualAllocation        = false                                  {pd product} {ergonomic}

Logging:
Log output configuration:
 #0: stdout all=warning uptime,level,tags foldmultilines=false
 #1: stderr all=off uptime,level,tags foldmultilines=false

Release file:
IMPLEMENTOR="Oracle Corporation" 
JAVA_RUNTIME_VERSION="25.0.1+8-LTS-27" 
JAVA_VERSION="25.0.1" 
JAVA_VERSION_DATE="2025-10-21" 
LIBC="default" 
MODULES="java.base java.compiler java.datatransfer java.xml java.prefs java.desktop java.instrument java.logging java.management java.security.sasl java.naming java.rmi java.management.rmi java.net.http java.scripting java.security.jgss java.transaction.xa java.sql java.sql.rowset java.xml.crypto java.se java.smartcardio jdk.accessibility jdk.internal.jvmstat jdk.attach jdk.charsets jdk.internal.opt jdk.zipfs jdk.compiler jdk.crypto.cryptoki jdk.crypto.ec jdk.crypto.mscapi jdk.dynalink jdk.internal.ed jdk.editpad jdk.internal.vm.ci jdk.graal.compiler jdk.graal.compiler.management jdk.hotspot.agent jdk.httpserver jdk.incubator.vector jdk.internal.le jdk.internal.md jdk.jartool jdk.javadoc jdk.jcmd jdk.management jdk.management.agent jdk.jconsole jdk.jdeps jdk.jdwp.agent jdk.jdi jdk.jfr jdk.jlink jdk.jpackage jdk.jshell jdk.jsobject jdk.jstatd jdk.localedata jdk.management.jfr jdk.naming.dns jdk.naming.rmi jdk.net jdk.nio.mapmode jdk.sctp jdk.security.auth jdk.security.jgss jdk.unsupported jdk.unsupported.desktop jdk.xml.dom" 
OS_ARCH="x86_64" 
OS_NAME="Windows" 
SOURCE=".:git:862c85bc42b7 open:git:78770bfaefd2" 

Environment Variables:
JAVA_HOME=C:\Program Files\Eclipse Adoptium\jdk-25.0.1.8-hotspot\
PATH=C:\Program Files\Eclipse Adoptium\jdk-25.0.1.8-hotspot\bin;C:\Program Files\Common Files\Oracle\Java\javapath;C:\Windows\system32;C:\Windows;C:\Windows\System32\Wbem;C:\Windows\System32\WindowsPowerShell\v1.0\;C:\Windows\System32\OpenSSH\;C:\MinGW\bin;C:\Program Files\nodejs\;C:\Program Files\Amazon\AWSCLIV2\;C:\Program Files\Git\cmd;C:\Program Files\Docker\Docker\resources\bin;C:\Program Files\Java\jdk-26.0.1\bin;C:\Users\hetga\AppData\Local\Programs\Python\Python314\Scripts\;C:\Users\hetga\AppData\Local\Programs\Python\Python314\;C:\Users\hetga\AppData\Local\Programs\Python\Launcher\;C:\Users\hetga\AppData\Local\Microsoft\WindowsApps;C:\Users\hetga\AppData\Local\Programs\Microsoft VS Code\bin;C:\Program Files\JetBrains\IntelliJ IDEA 2025.3.1\bin;C:\Users\hetga\AppData\Roaming\npm;C:\Users\hetga\AppData\Local\Programs\Antigravity\bin;C:\Users\hetga\AppData\Local\Programs\mongosh\;C:\Program Files\JetBrains\PyCharm 2025.3.4\bin;C:\Program Files\JetBrains\CLion 2026.1.1\bin
USERNAME=hetga
OS=Windows_NT
PROCESSOR_IDENTIFIER=Intel64 Family 6 Model 140 Stepping 1, GenuineIntel
TMP=C:\Users\hetga\AppData\Local\Temp
TEMP=C:\Users\hetga\AppData\Local\Temp




Compilation memory statistics disabled.

Periodic native trim disabled

---------------  S Y S T E M  ---------------

OS:
 Windows 11 , 64 bit Build 22000 (10.0.22000.2538)
OS uptime: 12 days 8:31 hours
Hyper-V role detected

CPU: total 8 (initial active 8) (4 cores per cpu, 2 threads per core) family 6 model 140 stepping 1 microcode 0x66, cx8, cmov, fxsr, ht, mmx, 3dnowpref, sse, sse2, sse3, ssse3, sse4.1, sse4.2, popcnt, lzcnt, tsc, tscinvbit, avx, avx2, aes, erms, clmul, bmi1, bmi2, adx, avx512f, avx512dq, avx512cd, avx512bw, avx512vl, sha, fma, vzeroupper, avx512_vpopcntdq, avx512_vpclmulqdq, avx512_vaes, avx512_vnni, clflush, clflushopt, clwb, avx512_vbmi2, avx512_vbmi, hv, rdtscp, rdpid, fsrm, gfni, avx512_bitalg, f16c, cet_ibt, cet_ss, avx512_ifma
Processor Information for the first 8 processors :
  Max Mhz: 2419, Current Mhz: 2419, Mhz Limit: 2419

Memory: 4k page, system-wide physical 7991M (173M free)
TotalPageFile size 32567M (AvailPageFile size 9M)
current process WorkingSet (physical memory assigned to process): 146M, peak: 146M
current process commit charge ("private bytes"): 258M, peak: 264M

vm_info: Java HotSpot(TM) 64-Bit Server VM (25.0.1+8-LTS-27) for windows-amd64 JRE (25.0.1+8-LTS-27), built on 2025-09-25T16:41:16Z with unknown MS VC++:1943

END.
